(microclaw) D:\Code\microclaw>pytest -m integration
=========================================== test session starts ===========================================
platform win32 -- Python 3.11.15, pytest-9.0.3, pluggy-1.6.0
rootdir: D:\Code\microclaw
configfile: pyproject.toml
plugins: anyio-4.13.0, mock-3.15.1
collected 275 items / 211 deselected / 64 selected

tests\test_integration.py ..............s.................................................           [100%]

============================= 63 passed, 1 skipped, 211 deselected in 18.19s ==============================

(microclaw) D:\Code\microclaw>pytest
=========================================== test session starts ===========================================
platform win32 -- Python 3.11.15, pytest-9.0.3, pluggy-1.6.0
rootdir: D:\Code\microclaw
configfile: pyproject.toml
plugins: anyio-4.13.0, mock-3.15.1
collected 344 items

tests\test_agent.py ...........                                                                      [  3%]
tests\test_autofocus.py ......                                                                       [  4%]
tests\test_controller.py ..........                                                                  [  7%]
tests\test_hook_manager.py .......................                                                   [ 14%]
tests\test_hooks.py ......                                                                           [ 16%]
tests\test_image_analysis.py ............                                                            [ 19%]
tests\test_integration.py ..............s.................................................           [ 38%]
tests\test_knowledge_manager.py ...............                                                      [ 42%]
tests\test_plugin_hooks.py .................                                                         [ 47%]
tests\test_position_list.py ..........                                                               [ 50%]
tests\test_safety.py .............................F......                                            [ 61%]
tests\test_schema_parity.py ......................................................                   [ 76%]
tests\test_tools.py ................................................................................ [100%]

================================================ FAILURES =================================================
____________________________ TestWorkspaceSandbox.test_symlink_escape_refused _____________________________

self = <tests.test_safety.TestWorkspaceSandbox object at 0x0000023D7636F2D0>
tmp_path = WindowsPath('C:/Users/rieslab/AppData/Local/Temp/pytest-of-rieslab/pytest-36/test_symlink_escape_refused0')

    def test_symlink_escape_refused(self, tmp_path):
        import os
        outside = tmp_path.parent / "outside_target"
        outside.mkdir(exist_ok=True)
        link = tmp_path / "link"
>       os.symlink(outside, link)
E       OSError: [WinError 1314] A required privilege is not held by the client: 'C:\\Users\\rieslab\\AppData\\Local\\Temp\\pytest-of-rieslab\\pytest-36\\outside_target' -> 'C:\\Users\\rieslab\\AppData\\Local\\Temp\\pytest-of-rieslab\\pytest-36\\test_symlink_escape_refused0\\link'

tests\test_safety.py:247: OSError
========================================= short test summary info =========================================
FAILED tests/test_safety.py::TestWorkspaceSandbox::test_symlink_escape_refused - OSError: [WinError 1314] A required privilege is not held by the client: 'C:\\Users\\rieslab\\AppData\\...
================================ 1 failed, 342 passed, 1 skipped in 20.35s ================================